******************************************************************************
                  TI ARM Linker PC v20.2.1                     
******************************************************************************
>> Linked Thu Oct 22 01:15:52 2020

OUTPUT FILE NAME:   <rtos.out>
ENTRY POINT SYMBOL: "_c_int00_noargs"  address: 00001625


MEMORY CONFIGURATION

         name            origin    length      used     unused   attr    fill
----------------------  --------  ---------  --------  --------  ----  --------
  FLASH                 00000000   00040000  0000182e  0003e7d2  R  X
  SRAM                  20000000   00008000  00001053  00006fad  RW X


SEGMENT ALLOCATION MAP

run origin  load origin   length   init length attrs members
----------  ----------- ---------- ----------- ----- -------
00000000    00000000    00001830   00001830    r-x
  00000000    00000000    0000026c   0000026c    r-- .intvecs
  0000026c    0000026c    0000144a   0000144a    r-x .text
  000016b6    000016b6    00000160   00000160    r-- .const
  00001818    00001818    00000018   00000018    r-- .cinit
20000000    20000000    00001053   00000000    rw-
  20000000    20000000    00001000   00000000    rw- .stack
  20001000    20001000    00000053   00000000    rw- .data


SECTION ALLOCATION MAP

 output                                  attributes/
section   page    origin      length       input sections
--------  ----  ----------  ----------   ----------------
.intvecs   0    00000000    0000026c     
                  00000000    0000026c     startup.obj (.intvecs)

.text      0    0000026c    0000144a     
                  0000026c    000007c0     gpio.obj (.text)
                  00000a2c    0000034c     uart0.obj (.text)
                  00000d78    0000032c     shell.obj (.text)
                  000010a4    0000024c     main.obj (.text)
                  000012f0    0000011a     rtos.obj (.text)
                  0000140a    0000009c     rtsv7M4_T_le_v4SPD16_eabi.lib : memcpy_t2.asm.obj (.text)
                  000014a6    00000002     --HOLE-- [fill = 0]
                  000014a8    00000084     reboot.obj (.text)
                  0000152c    00000068     rtsv7M4_T_le_v4SPD16_eabi.lib : copy_decompress_lzss.c.obj (.text:decompress:lzss:__TI_decompress_lzss)
                  00001594    0000004c                                   : atoi.c.obj (.text:atoi)
                  000015e0    00000044                                   : autoinit.c.obj (.text:__TI_auto_init_nobinit_nopinit:__TI_auto_init_nobinit_nopinit)
                  00001624    00000034                                   : boot_cortex_m.c.obj (.text:_c_int00_noargs:_c_int00_noargs)
                  00001658    00000024     wait.obj (.text)
                  0000167c    00000018     rtsv7M4_T_le_v4SPD16_eabi.lib : strcmp.c.obj (.text:strcmp)
                  00001694    0000000e                                   : copy_decompress_none.c.obj (.text:decompress:none:__TI_decompress_none)
                  000016a2    0000000c     startup.obj (.text)
                  000016ae    00000004     rtsv7M4_T_le_v4SPD16_eabi.lib : pre_init.c.obj (.text:_system_pre_init)
                  000016b2    00000004                                   : exit.c.obj (.text:abort:abort)

.const     0    000016b6    00000160     
                  000016b6    00000101     rtsv7M4_T_le_v4SPD16_eabi.lib : ctype.c.obj (.const:.string:_ctypes_)
                  000017b7    0000005f     main.obj (.const:$P$T0$1)

.cinit     0    00001818    00000018     
                  00001818    00000008     (.cinit..data.load) [load image, compression = lzss]
                  00001820    00000008     (__TI_handler_table)
                  00001828    00000008     (__TI_cinit_table)

.init_array 
*          0    00000000    00000000     UNINITIALIZED

.data      0    20001000    00000053     UNINITIALIZED
                  20001000    00000052     uart0.obj (.data:uart0Info)
                  20001052    00000001     reboot.obj (.data)

.stack     0    20000000    00001000     UNINITIALIZED
                  20000000    00000004     rtsv7M4_T_le_v4SPD16_eabi.lib : boot_cortex_m.c.obj (.stack)
                  20000004    00000ffc     --HOLE--

__llvm_prf_cnts 
*          0    20000000    00000000     UNINITIALIZED

MODULE SUMMARY

       Module                       code   ro data   rw data
       ------                       ----   -------   -------
    .\
       gpio.obj                     1984   0         0      
       uart0.obj                    844    0         82     
       shell.obj                    812    0         0      
       main.obj                     588    95        0      
       startup.obj                  12     620       0      
       rtos.obj                     282    0         0      
       reboot.obj                   132    0         1      
       wait.obj                     36     0         0      
    +--+----------------------------+------+---------+---------+
       Total:                       4690   715       83     
                                                            
    C:\ti\ccs930\ccs\tools\compiler\ti-cgt-arm_20.2.1.LTS\lib\rtsv7M4_T_le_v4SPD16_eabi.lib
       ctype.c.obj                  0      257       0      
       memcpy_t2.asm.obj            156    0         0      
       copy_decompress_lzss.c.obj   104    0         0      
       atoi.c.obj                   76     0         0      
       autoinit.c.obj               68     0         0      
       boot_cortex_m.c.obj          52     0         0      
       strcmp.c.obj                 24     0         0      
       copy_decompress_none.c.obj   14     0         0      
       exit.c.obj                   4      0         0      
       pre_init.c.obj               4      0         0      
    +--+----------------------------+------+---------+---------+
       Total:                       502    257       0      
                                                            
       Stack:                       0      0         4096   
       Linker Generated:            0      24        0      
    +--+----------------------------+------+---------+---------+
       Grand Total:                 5192   996       4179   


LINKER GENERATED COPY TABLES

__TI_cinit_table @ 00001828 records: 1, size/record: 8, table size: 8
	.data: load addr=00001818, load size=00000008 bytes, run addr=20001000, run size=00000053 bytes, compression=lzss


LINKER GENERATED HANDLER TABLE

__TI_handler_table @ 00001820 records: 2, size/record: 4, table size: 8
	index: 0, handler: __TI_decompress_lzss
	index: 1, handler: __TI_decompress_none


GLOBAL SYMBOLS: SORTED ALPHABETICALLY BY Name 

address   name                          
-------   ----                          
000016b3  C$$EXIT                       
000016a3  ResetISR                      
20001000  __STACK_END                   
00001000  __STACK_SIZE                  
20000200  __STACK_TOP                   
00001828  __TI_CINIT_Base               
00001830  __TI_CINIT_Limit              
00001820  __TI_Handler_Table_Base       
00001828  __TI_Handler_Table_Limit      
000015e1  __TI_auto_init_nobinit_nopinit
0000152d  __TI_decompress_lzss          
00001695  __TI_decompress_none          
ffffffff  __TI_pprof_out_hndl           
ffffffff  __TI_prof_data_size           
ffffffff  __TI_prof_data_start          
00000000  __TI_static_base__            
0000140b  __aeabi_memcpy                
0000140b  __aeabi_memcpy4               
0000140b  __aeabi_memcpy8               
ffffffff  __binit__                     
ffffffff  __c_args__                    
UNDEFED   __mpu_init                    
20000000  __stack                       
20000000  __start___llvm_prf_cnts       
20000000  __stop___llvm_prf_cnts        
00001625  _c_int00_noargs               
000016b6  _ctypes_                      
UNDEFED   _system_post_cinit            
000016af  _system_pre_init              
000016b3  abort                         
00001595  atoi                          
ffffffff  binit                         
0000089d  disablePinInterrupt           
000005d5  disablePinPulldown            
0000058d  disablePinPullup              
00000329  disablePort                   
00000bdf  emptyRingBuffer               
00000879  enablePinInterrupt            
000005b1  enablePinPulldown             
0000055f  enablePinPullup               
0000026d  enablePort                    
00000c03  fullRingBuffer                
00000000  g_pfnVectors                  
00000f8d  getFieldInteger               
00000f31  getFieldString                
000008e7  getPinValue                   
0000099d  getPortValue                  
00000ae7  getcUart0                     
00000d79  getsUart0                     
0000125d  initHw                        
00000a2d  initUart0                     
000014a9  initWatchdog                  
000012fb  ipcs                          
00000ff3  isCommand                     
00000acd  kbhitUart0                    
00001305  kill                          
000010a5  main                          
0000140b  memcpy                        
00000e31  parseFields                   
00001311  pi                            
00001365  pidof                         
0000132d  preempt                       
00000c33  printMainMenu                 
000012f1  ps                            
00000bb3  readFromQueue                 
20001052  rebootFlag                    
00001079  resetUserInput                
000014ed  resetWatchdog                 
00001349  sched                         
00000493  selectPinAnalogInput          
00000445  selectPinDigitalInput         
000007af  selectPinInterruptBothEdges   
0000075f  selectPinInterruptFallingEdge 
00000805  selectPinInterruptHighLevel   
0000083f  selectPinInterruptLowLevel    
0000070f  selectPinInterruptRisingEdge  
000003f7  selectPinOpenDrainOutput      
000003a9  selectPinPushPullOutput       
00000af3  sendUart0String               
00000b3d  sendUart0StringLiteral        
000005fd  setPinAuxFunction             
000004e3  setPinCommitControl           
000008c1  setPinValue                   
00000919  setPortValue                  
00000a7d  setUart0BaudRate              
0000167d  strcmp                        
20001000  uart0Info                     
00000c79  uart0Isr                      
00001659  waitMicrosecond               
000014fd  watchdogIsr                   
00000b87  writeToQueue                  


GLOBAL SYMBOLS: SORTED BY Symbol Address 

address   name                          
-------   ----                          
00000000  __TI_static_base__            
00000000  g_pfnVectors                  
0000026d  enablePort                    
00000329  disablePort                   
000003a9  selectPinPushPullOutput       
000003f7  selectPinOpenDrainOutput      
00000445  selectPinDigitalInput         
00000493  selectPinAnalogInput          
000004e3  setPinCommitControl           
0000055f  enablePinPullup               
0000058d  disablePinPullup              
000005b1  enablePinPulldown             
000005d5  disablePinPulldown            
000005fd  setPinAuxFunction             
0000070f  selectPinInterruptRisingEdge  
0000075f  selectPinInterruptFallingEdge 
000007af  selectPinInterruptBothEdges   
00000805  selectPinInterruptHighLevel   
0000083f  selectPinInterruptLowLevel    
00000879  enablePinInterrupt            
0000089d  disablePinInterrupt           
000008c1  setPinValue                   
000008e7  getPinValue                   
00000919  setPortValue                  
0000099d  getPortValue                  
00000a2d  initUart0                     
00000a7d  setUart0BaudRate              
00000acd  kbhitUart0                    
00000ae7  getcUart0                     
00000af3  sendUart0String               
00000b3d  sendUart0StringLiteral        
00000b87  writeToQueue                  
00000bb3  readFromQueue                 
00000bdf  emptyRingBuffer               
00000c03  fullRingBuffer                
00000c33  printMainMenu                 
00000c79  uart0Isr                      
00000d79  getsUart0                     
00000e31  parseFields                   
00000f31  getFieldString                
00000f8d  getFieldInteger               
00000ff3  isCommand                     
00001000  __STACK_SIZE                  
00001079  resetUserInput                
000010a5  main                          
0000125d  initHw                        
000012f1  ps                            
000012fb  ipcs                          
00001305  kill                          
00001311  pi                            
0000132d  preempt                       
00001349  sched                         
00001365  pidof                         
0000140b  __aeabi_memcpy                
0000140b  __aeabi_memcpy4               
0000140b  __aeabi_memcpy8               
0000140b  memcpy                        
000014a9  initWatchdog                  
000014ed  resetWatchdog                 
000014fd  watchdogIsr                   
0000152d  __TI_decompress_lzss          
00001595  atoi                          
000015e1  __TI_auto_init_nobinit_nopinit
00001625  _c_int00_noargs               
00001659  waitMicrosecond               
0000167d  strcmp                        
00001695  __TI_decompress_none          
000016a3  ResetISR                      
000016af  _system_pre_init              
000016b3  C$$EXIT                       
000016b3  abort                         
000016b6  _ctypes_                      
00001820  __TI_Handler_Table_Base       
00001828  __TI_CINIT_Base               
00001828  __TI_Handler_Table_Limit      
00001830  __TI_CINIT_Limit              
20000000  __stack                       
20000000  __start___llvm_prf_cnts       
20000000  __stop___llvm_prf_cnts        
20000200  __STACK_TOP                   
20001000  __STACK_END                   
20001000  uart0Info                     
20001052  rebootFlag                    
ffffffff  __TI_pprof_out_hndl           
ffffffff  __TI_prof_data_size           
ffffffff  __TI_prof_data_start          
ffffffff  __binit__                     
ffffffff  __c_args__                    
ffffffff  binit                         
UNDEFED   __mpu_init                    
UNDEFED   _system_post_cinit            

[91 symbols]
