******************************************************************************
                  TI ARM Linker PC v20.2.1                     
******************************************************************************
>> Linked Wed Oct 21 15:05:15 2020

OUTPUT FILE NAME:   <rtos.out>
ENTRY POINT SYMBOL: "_c_int00_noargs"  address: 0000164d


MEMORY CONFIGURATION

         name            origin    length      used     unused   attr    fill
----------------------  --------  ---------  --------  --------  ----  --------
  FLASH                 00000000   00040000  00001860  0003e7a0  R  X
  SRAM                  20000000   00008000  00001053  00006fad  RW X


SEGMENT ALLOCATION MAP

run origin  load origin   length   init length attrs members
----------  ----------- ---------- ----------- ----- -------
00000000    00000000    00001860   00001860    r-x
  00000000    00000000    0000026c   0000026c    r-- .intvecs
  0000026c    0000026c    00001472   00001472    r-x .text
  000016de    000016de    0000016a   0000016a    r-- .const
  00001848    00001848    00000018   00000018    r-- .cinit
20000000    20000000    00001053   00000000    rw-
  20000000    20000000    00001000   00000000    rw- .stack
  20001000    20001000    00000053   00000000    rw- .data


SECTION ALLOCATION MAP

 output                                  attributes/
section   page    origin      length       input sections
--------  ----  ----------  ----------   ----------------
.intvecs   0    00000000    0000026c     
                  00000000    0000026c     startup.obj (.intvecs)

.text      0    0000026c    00001472     
                  0000026c    000007c0     gpio.obj (.text)
                  00000a2c    0000034c     uart0.obj (.text)
                  00000d78    00000338     shell.obj (.text)
                  000010b0    00000268     main.obj (.text)
                  00001318    0000011a     rtos.obj (.text)
                  00001432    0000009c     rtsv7M4_T_le_v4SPD16_eabi.lib : memcpy_t2.asm.obj (.text)
                  000014ce    00000002     --HOLE-- [fill = 0]
                  000014d0    00000084     reboot.obj (.text)
                  00001554    00000068     rtsv7M4_T_le_v4SPD16_eabi.lib : copy_decompress_lzss.c.obj (.text:decompress:lzss:__TI_decompress_lzss)
                  000015bc    0000004c                                   : atoi.c.obj (.text:atoi)
                  00001608    00000044                                   : autoinit.c.obj (.text:__TI_auto_init_nobinit_nopinit:__TI_auto_init_nobinit_nopinit)
                  0000164c    00000034                                   : boot_cortex_m.c.obj (.text:_c_int00_noargs:_c_int00_noargs)
                  00001680    00000024     wait.obj (.text)
                  000016a4    00000018     rtsv7M4_T_le_v4SPD16_eabi.lib : strcmp.c.obj (.text:strcmp)
                  000016bc    0000000e                                   : copy_decompress_none.c.obj (.text:decompress:none:__TI_decompress_none)
                  000016ca    0000000c     startup.obj (.text)
                  000016d6    00000004     rtsv7M4_T_le_v4SPD16_eabi.lib : pre_init.c.obj (.text:_system_pre_init)
                  000016da    00000004                                   : exit.c.obj (.text:abort:abort)

.const     0    000016de    0000016a     
                  000016de    00000101     rtsv7M4_T_le_v4SPD16_eabi.lib : ctype.c.obj (.const:.string:_ctypes_)
                  000017df    0000005f     main.obj (.const:$P$T0$1)
                  0000183e    0000000a     shell.obj (.const:.string:$P$T0$1)

.cinit     0    00001848    00000018     
                  00001848    00000008     (.cinit..data.load) [load image, compression = lzss]
                  00001850    00000008     (__TI_handler_table)
                  00001858    00000008     (__TI_cinit_table)

.init_array 
*          0    00000000    00000000     UNINITIALIZED

.data      0    20001000    00000053     UNINITIALIZED
                  20001000    00000052     uart0.obj (.data:uart0Info)
                  20001052    00000001     reboot.obj (.data)

.stack     0    20000000    00001000     UNINITIALIZED
                  20000000    00000004     rtsv7M4_T_le_v4SPD16_eabi.lib : boot_cortex_m.c.obj (.stack)
                  20000004    00000ffc     --HOLE--

__llvm_prf_cnts 
*          0    20000000    00000000     UNINITIALIZED

MODULE SUMMARY

       Module                       code   ro data   rw data
       ------                       ----   -------   -------
    .\
       gpio.obj                     1984   0         0      
       uart0.obj                    844    0         82     
       shell.obj                    824    10        0      
       main.obj                     616    95        0      
       startup.obj                  12     620       0      
       rtos.obj                     282    0         0      
       reboot.obj                   132    0         1      
       wait.obj                     36     0         0      
    +--+----------------------------+------+---------+---------+
       Total:                       4730   725       83     
                                                            
    C:\ti\ccs930\ccs\tools\compiler\ti-cgt-arm_20.2.1.LTS\lib\rtsv7M4_T_le_v4SPD16_eabi.lib
       ctype.c.obj                  0      257       0      
       memcpy_t2.asm.obj            156    0         0      
       copy_decompress_lzss.c.obj   104    0         0      
       atoi.c.obj                   76     0         0      
       autoinit.c.obj               68     0         0      
       boot_cortex_m.c.obj          52     0         0      
       strcmp.c.obj                 24     0         0      
       copy_decompress_none.c.obj   14     0         0      
       exit.c.obj                   4      0         0      
       pre_init.c.obj               4      0         0      
    +--+----------------------------+------+---------+---------+
       Total:                       502    257       0      
                                                            
       Stack:                       0      0         4096   
       Linker Generated:            0      24        0      
    +--+----------------------------+------+---------+---------+
       Grand Total:                 5232   1006      4179   


LINKER GENERATED COPY TABLES

__TI_cinit_table @ 00001858 records: 1, size/record: 8, table size: 8
	.data: load addr=00001848, load size=00000008 bytes, run addr=20001000, run size=00000053 bytes, compression=lzss


LINKER GENERATED HANDLER TABLE

__TI_handler_table @ 00001850 records: 2, size/record: 4, table size: 8
	index: 0, handler: __TI_decompress_lzss
	index: 1, handler: __TI_decompress_none


GLOBAL SYMBOLS: SORTED ALPHABETICALLY BY Name 

address   name                          
-------   ----                          
000016db  C$$EXIT                       
000016cb  ResetISR                      
20001000  __STACK_END                   
00001000  __STACK_SIZE                  
20000200  __STACK_TOP                   
00001858  __TI_CINIT_Base               
00001860  __TI_CINIT_Limit              
00001850  __TI_Handler_Table_Base       
00001858  __TI_Handler_Table_Limit      
00001609  __TI_auto_init_nobinit_nopinit
00001555  __TI_decompress_lzss          
000016bd  __TI_decompress_none          
ffffffff  __TI_pprof_out_hndl           
ffffffff  __TI_prof_data_size           
ffffffff  __TI_prof_data_start          
00000000  __TI_static_base__            
00001433  __aeabi_memcpy                
00001433  __aeabi_memcpy4               
00001433  __aeabi_memcpy8               
ffffffff  __binit__                     
ffffffff  __c_args__                    
UNDEFED   __mpu_init                    
20000000  __stack                       
20000000  __start___llvm_prf_cnts       
20000000  __stop___llvm_prf_cnts        
0000164d  _c_int00_noargs               
000016de  _ctypes_                      
UNDEFED   _system_post_cinit            
000016d7  _system_pre_init              
000016db  abort                         
000015bd  atoi                          
ffffffff  binit                         
0000089d  disablePinInterrupt           
000005d5  disablePinPulldown            
0000058d  disablePinPullup              
00000329  disablePort                   
00000bdf  emptyRingBuffer               
00000879  enablePinInterrupt            
000005b1  enablePinPulldown             
0000055f  enablePinPullup               
0000026d  enablePort                    
00000c03  fullRingBuffer                
00000000  g_pfnVectors                  
00000f9f  getFieldInteger               
00000f43  getFieldString                
000008e7  getPinValue                   
0000099d  getPortValue                  
00000ae7  getcUart0                     
00000d79  getsUart0                     
0000126d  initHw                        
00000a2d  initUart0                     
000014d1  initWatchdog                  
00001323  ipcs                          
00001005  isCommand                     
00000acd  kbhitUart0                    
0000132d  kill                          
000010b1  main                          
00001433  memcpy                        
00000e4d  parseFields                   
00001339  pi                            
0000138d  pidof                         
00001355  preempt                       
00000c33  printMainMenu                 
00001319  ps                            
00000bb3  readFromQueue                 
20001052  rebootFlag                    
00001085  resetUserInput                
00001515  resetWatchdog                 
00001371  sched                         
00000493  selectPinAnalogInput          
00000445  selectPinDigitalInput         
000007af  selectPinInterruptBothEdges   
0000075f  selectPinInterruptFallingEdge 
00000805  selectPinInterruptHighLevel   
0000083f  selectPinInterruptLowLevel    
0000070f  selectPinInterruptRisingEdge  
000003f7  selectPinOpenDrainOutput      
000003a9  selectPinPushPullOutput       
00000af3  sendUart0String               
00000b3d  sendUart0StringLiteral        
000005fd  setPinAuxFunction             
000004e3  setPinCommitControl           
000008c1  setPinValue                   
00000919  setPortValue                  
00000a7d  setUart0BaudRate              
000016a5  strcmp                        
20001000  uart0Info                     
00000c79  uart0Isr                      
00001681  waitMicrosecond               
00001525  watchdogIsr                   
00000b87  writeToQueue                  


GLOBAL SYMBOLS: SORTED BY Symbol Address 

address   name                          
-------   ----                          
00000000  __TI_static_base__            
00000000  g_pfnVectors                  
0000026d  enablePort                    
00000329  disablePort                   
000003a9  selectPinPushPullOutput       
000003f7  selectPinOpenDrainOutput      
00000445  selectPinDigitalInput         
00000493  selectPinAnalogInput          
000004e3  setPinCommitControl           
0000055f  enablePinPullup               
0000058d  disablePinPullup              
000005b1  enablePinPulldown             
000005d5  disablePinPulldown            
000005fd  setPinAuxFunction             
0000070f  selectPinInterruptRisingEdge  
0000075f  selectPinInterruptFallingEdge 
000007af  selectPinInterruptBothEdges   
00000805  selectPinInterruptHighLevel   
0000083f  selectPinInterruptLowLevel    
00000879  enablePinInterrupt            
0000089d  disablePinInterrupt           
000008c1  setPinValue                   
000008e7  getPinValue                   
00000919  setPortValue                  
0000099d  getPortValue                  
00000a2d  initUart0                     
00000a7d  setUart0BaudRate              
00000acd  kbhitUart0                    
00000ae7  getcUart0                     
00000af3  sendUart0String               
00000b3d  sendUart0StringLiteral        
00000b87  writeToQueue                  
00000bb3  readFromQueue                 
00000bdf  emptyRingBuffer               
00000c03  fullRingBuffer                
00000c33  printMainMenu                 
00000c79  uart0Isr                      
00000d79  getsUart0                     
00000e4d  parseFields                   
00000f43  getFieldString                
00000f9f  getFieldInteger               
00001000  __STACK_SIZE                  
00001005  isCommand                     
00001085  resetUserInput                
000010b1  main                          
0000126d  initHw                        
00001319  ps                            
00001323  ipcs                          
0000132d  kill                          
00001339  pi                            
00001355  preempt                       
00001371  sched                         
0000138d  pidof                         
00001433  __aeabi_memcpy                
00001433  __aeabi_memcpy4               
00001433  __aeabi_memcpy8               
00001433  memcpy                        
000014d1  initWatchdog                  
00001515  resetWatchdog                 
00001525  watchdogIsr                   
00001555  __TI_decompress_lzss          
000015bd  atoi                          
00001609  __TI_auto_init_nobinit_nopinit
0000164d  _c_int00_noargs               
00001681  waitMicrosecond               
000016a5  strcmp                        
000016bd  __TI_decompress_none          
000016cb  ResetISR                      
000016d7  _system_pre_init              
000016db  C$$EXIT                       
000016db  abort                         
000016de  _ctypes_                      
00001850  __TI_Handler_Table_Base       
00001858  __TI_CINIT_Base               
00001858  __TI_Handler_Table_Limit      
00001860  __TI_CINIT_Limit              
20000000  __stack                       
20000000  __start___llvm_prf_cnts       
20000000  __stop___llvm_prf_cnts        
20000200  __STACK_TOP                   
20001000  __STACK_END                   
20001000  uart0Info                     
20001052  rebootFlag                    
ffffffff  __TI_pprof_out_hndl           
ffffffff  __TI_prof_data_size           
ffffffff  __TI_prof_data_start          
ffffffff  __binit__                     
ffffffff  __c_args__                    
ffffffff  binit                         
UNDEFED   __mpu_init                    
UNDEFED   _system_post_cinit            

[91 symbols]
